  Determinando os projetos a serem restaurados...
  Todos os projetos est├úo atualizados para restaura├º├úo.
  AriD.BibliotecaDeClasses -> C:\src\ARID_PONTO\AriD.BibliotecaDeClasses\bin\Debug\net8.0\AriD.BibliotecaDeClasses.dll
  AriD.Servicos -> C:\src\ARID_PONTO\AriD.Servicos\bin\Debug\net8.0\AriD.Servicos.dll
C:\src\ARID_PONTO\AriD.GerenciamentoDePonto\Models\ErrorViewModel.cs(5,22): warning CS8632: A anota├º├úo para tipos de refer├¬ncia anul├íveis deve ser usada apenas em c├│digo em um contexto de anota├º├Áes '#nullable'. [C:\src\ARID_PONTO\AriD.GerenciamentoDePonto\AriD.GerenciamentoDePonto.csproj]
C:\src\ARID_PONTO\AriD.GerenciamentoDePonto\Helpers\Logger.cs(33,17): warning CS4014: Como esta chamada n├úo ├® aguardada, a execu├º├úo do m├®todo atual continua antes da conclus├úo da chamada. Considere aplicar o operador 'await' ao resultado da chamada. [C:\src\ARID_PONTO\AriD.GerenciamentoDePonto\AriD.GerenciamentoDePonto.csproj]
C:\src\ARID_PONTO\AriD.GerenciamentoDePonto\Helpers\Logger.cs(53,17): warning CS4014: Como esta chamada n├úo ├® aguardada, a execu├º├úo do m├®todo atual continua antes da conclus├úo da chamada. Considere aplicar o operador 'await' ao resultado da chamada. [C:\src\ARID_PONTO\AriD.GerenciamentoDePonto\AriD.GerenciamentoDePonto.csproj]
C:\src\ARID_PONTO\AriD.GerenciamentoDePonto\WebGrid\WebGrid.cs(117,17): warning CS0472: O resultado da express├úo ├® sempre 'true', pois um valor do tipo 'int' nunca ├® igual a "null" do tipo 'int?' [C:\src\ARID_PONTO\AriD.GerenciamentoDePonto\AriD.GerenciamentoDePonto.csproj]
C:\src\ARID_PONTO\AriD.GerenciamentoDePonto\Controllers\BonusController.cs(51,13): error CS0246: O nome do tipo ou do namespace "Expression<>" n├úo pode ser encontrado (est├í faltando uma diretiva using ou uma refer├¬ncia de assembly?) [C:\src\ARID_PONTO\AriD.GerenciamentoDePonto\AriD.GerenciamentoDePonto.csproj]
C:\src\ARID_PONTO\AriD.GerenciamentoDePonto\Controllers\UsuarioController.cs(141,30): warning CS0168: A vari├ível "ex" est├í declarada, mas nunca ├® usada [C:\src\ARID_PONTO\AriD.GerenciamentoDePonto\AriD.GerenciamentoDePonto.csproj]
C:\src\ARID_PONTO\AriD.GerenciamentoDePonto\Controllers\BonusController.cs(81,13): error CS0246: O nome do tipo ou do namespace "Expression<>" n├úo pode ser encontrado (est├í faltando uma diretiva using ou uma refer├¬ncia de assembly?) [C:\src\ARID_PONTO\AriD.GerenciamentoDePonto\AriD.GerenciamentoDePonto.csproj]
C:\src\ARID_PONTO\AriD.GerenciamentoDePonto\Controllers\EquipamentoDePontoController.cs(91,17): warning CS4014: Como esta chamada n├úo ├® aguardada, a execu├º├úo do m├®todo atual continua antes da conclus├úo da chamada. Considere aplicar o operador 'await' ao resultado da chamada. [C:\src\ARID_PONTO\AriD.GerenciamentoDePonto\AriD.GerenciamentoDePonto.csproj]
C:\src\ARID_PONTO\AriD.GerenciamentoDePonto\Controllers\EquipamentoDePontoController.cs(115,13): warning CS4014: Como esta chamada n├úo ├® aguardada, a execu├º├úo do m├®todo atual continua antes da conclus├úo da chamada. Considere aplicar o operador 'await' ao resultado da chamada. [C:\src\ARID_PONTO\AriD.GerenciamentoDePonto\AriD.GerenciamentoDePonto.csproj]
C:\src\ARID_PONTO\AriD.GerenciamentoDePonto\Controllers\OrganizacaoController.cs(134,30): warning CS0168: A vari├ível "ex" est├í declarada, mas nunca ├® usada [C:\src\ARID_PONTO\AriD.GerenciamentoDePonto\AriD.GerenciamentoDePonto.csproj]
C:\src\ARID_PONTO\AriD.GerenciamentoDePonto\Controllers\RelatorioController.cs(181,17): warning CS0162: C├│digo inacess├¡vel detectado [C:\src\ARID_PONTO\AriD.GerenciamentoDePonto\AriD.GerenciamentoDePonto.csproj]
C:\src\ARID_PONTO\AriD.GerenciamentoDePonto\Views\Shared\_PaginacaoWebGrid.cshtml(35,16): warning SYSLIB0013: "Uri.EscapeUriString(string)" ├® obsoleto: "Uri.EscapeUriString can corrupt the Uri string in some cases. Consider using Uri.EscapeDataString for query string components instead." (https://aka.ms/dotnet-warnings/SYSLIB0013) [C:\src\ARID_PONTO\AriD.GerenciamentoDePonto\AriD.GerenciamentoDePonto.csproj]
C:\src\ARID_PONTO\AriD.GerenciamentoDePonto\Controllers\EquipamentoDePontoController.cs(103,17): warning CA2200: Gerar novamente uma exce├º├úo detectada altera as informa├º├Áes de pilha (https://learn.microsoft.com/dotnet/fundamentals/code-analysis/quality-rules/ca2200) [C:\src\ARID_PONTO\AriD.GerenciamentoDePonto\AriD.GerenciamentoDePonto.csproj]
C:\src\ARID_PONTO\AriD.GerenciamentoDePonto\Controllers\FotoController.cs(92,128): warning CA1416: Este site de chamada pode ser acessado em todas as plataformas. S├│ h├í suporte para 'Bitmap' em: 'windows' 6.1 e posteriores. (https://learn.microsoft.com/dotnet/fundamentals/code-analysis/quality-rules/ca1416) [C:\src\ARID_PONTO\AriD.GerenciamentoDePonto\AriD.GerenciamentoDePonto.csproj]
C:\src\ARID_PONTO\AriD.GerenciamentoDePonto\Controllers\EscalaController.cs(262,17): warning CA2200: Gerar novamente uma exce├º├úo detectada altera as informa├º├Áes de pilha (https://learn.microsoft.com/dotnet/fundamentals/code-analysis/quality-rules/ca2200) [C:\src\ARID_PONTO\AriD.GerenciamentoDePonto\AriD.GerenciamentoDePonto.csproj]
C:\src\ARID_PONTO\AriD.GerenciamentoDePonto\Controllers\EscalaController.cs(327,17): warning CA2200: Gerar novamente uma exce├º├úo detectada altera as informa├º├Áes de pilha (https://learn.microsoft.com/dotnet/fundamentals/code-analysis/quality-rules/ca2200) [C:\src\ARID_PONTO\AriD.GerenciamentoDePonto\AriD.GerenciamentoDePonto.csproj]
C:\src\ARID_PONTO\AriD.GerenciamentoDePonto\Controllers\FotoController.cs(98,44): warning CA1416: Este site de chamada pode ser acessado em todas as plataformas. S├│ h├í suporte para 'Image.FromStream(Stream)' em: 'windows' 6.1 e posteriores. (https://learn.microsoft.com/dotnet/fundamentals/code-analysis/quality-rules/ca1416) [C:\src\ARID_PONTO\AriD.GerenciamentoDePonto\AriD.GerenciamentoDePonto.csproj]
C:\src\ARID_PONTO\AriD.GerenciamentoDePonto\Controllers\FotoController.cs(87,32): warning CA1416: Este site de chamada pode ser acessado em todas as plataformas. S├│ h├í suporte para 'ImageFormat.Png' em: 'windows' 6.1 e posteriores. (https://learn.microsoft.com/dotnet/fundamentals/code-analysis/quality-rules/ca1416) [C:\src\ARID_PONTO\AriD.GerenciamentoDePonto\AriD.GerenciamentoDePonto.csproj]
C:\src\ARID_PONTO\AriD.GerenciamentoDePonto\Controllers\FotoController.cs(87,17): warning CA1416: Este site de chamada pode ser acessado em todas as plataformas. S├│ h├í suporte para 'Image.Save(Stream, ImageFormat)' em: 'windows' 6.1 e posteriores. (https://learn.microsoft.com/dotnet/fundamentals/code-analysis/quality-rules/ca1416) [C:\src\ARID_PONTO\AriD.GerenciamentoDePonto\AriD.GerenciamentoDePonto.csproj]
C:\src\ARID_PONTO\AriD.GerenciamentoDePonto\Controllers\OrganizacaoController.cs(176,39): warning CA1416: Este site de chamada pode ser acessado em todas as plataformas. S├│ h├í suporte para 'Bitmap' em: 'windows' 6.1 e posteriores. (https://learn.microsoft.com/dotnet/fundamentals/code-analysis/quality-rules/ca1416) [C:\src\ARID_PONTO\AriD.GerenciamentoDePonto\AriD.GerenciamentoDePonto.csproj]
C:\src\ARID_PONTO\AriD.GerenciamentoDePonto\Controllers\OrganizacaoController.cs(170,32): warning CA1416: Este site de chamada pode ser acessado em todas as plataformas. S├│ h├í suporte para 'ImageFormat.Png' em: 'windows' 6.1 e posteriores. (https://learn.microsoft.com/dotnet/fundamentals/code-analysis/quality-rules/ca1416) [C:\src\ARID_PONTO\AriD.GerenciamentoDePonto\AriD.GerenciamentoDePonto.csproj]
C:\src\ARID_PONTO\AriD.GerenciamentoDePonto\Controllers\OrganizacaoController.cs(170,17): warning CA1416: Este site de chamada pode ser acessado em todas as plataformas. S├│ h├í suporte para 'Image.Save(Stream, ImageFormat)' em: 'windows' 6.1 e posteriores. (https://learn.microsoft.com/dotnet/fundamentals/code-analysis/quality-rules/ca1416) [C:\src\ARID_PONTO\AriD.GerenciamentoDePonto\AriD.GerenciamentoDePonto.csproj]
C:\src\ARID_PONTO\AriD.GerenciamentoDePonto\Controllers\OrganizacaoController.cs(182,44): warning CA1416: Este site de chamada pode ser acessado em todas as plataformas. S├│ h├í suporte para 'Image.FromStream(Stream)' em: 'windows' 6.1 e posteriores. (https://learn.microsoft.com/dotnet/fundamentals/code-analysis/quality-rules/ca1416) [C:\src\ARID_PONTO\AriD.GerenciamentoDePonto\AriD.GerenciamentoDePonto.csproj]
C:\src\ARID_PONTO\AriD.GerenciamentoDePonto\Views\HorarioDeTrabalho\Adicionar.cshtml(210,14): warning MVC1000: Use of IHtmlHelper.Partial may result in application deadlocks. Consider using <partial> Tag Helper or IHtmlHelper.PartialAsync. [C:\src\ARID_PONTO\AriD.GerenciamentoDePonto\AriD.GerenciamentoDePonto.csproj]
C:\src\ARID_PONTO\AriD.GerenciamentoDePonto\Views\PortalServidor\Atestados.cshtml(54,2): warning MVC1000: Use of IHtmlHelper.Partial may result in application deadlocks. Consider using <partial> Tag Helper or IHtmlHelper.PartialAsync. [C:\src\ARID_PONTO\AriD.GerenciamentoDePonto\AriD.GerenciamentoDePonto.csproj]
C:\src\ARID_PONTO\AriD.GerenciamentoDePonto\Views\HorarioDeTrabalho\Alterar.cshtml(253,14): warning MVC1000: Use of IHtmlHelper.Partial may result in application deadlocks. Consider using <partial> Tag Helper or IHtmlHelper.PartialAsync. [C:\src\ARID_PONTO\AriD.GerenciamentoDePonto\AriD.GerenciamentoDePonto.csproj]
C:\src\ARID_PONTO\AriD.GerenciamentoDePonto\Views\PortalServidor\RegistrosDePonto.cshtml(120,2): warning MVC1000: Use of IHtmlHelper.Partial may result in application deadlocks. Consider using <partial> Tag Helper or IHtmlHelper.PartialAsync. [C:\src\ARID_PONTO\AriD.GerenciamentoDePonto\AriD.GerenciamentoDePonto.csproj]
C:\src\ARID_PONTO\AriD.GerenciamentoDePonto\Views\PortalServidor\RegistrosDePonto.cshtml(121,2): warning MVC1000: Use of IHtmlHelper.Partial may result in application deadlocks. Consider using <partial> Tag Helper or IHtmlHelper.PartialAsync. [C:\src\ARID_PONTO\AriD.GerenciamentoDePonto\AriD.GerenciamentoDePonto.csproj]
C:\src\ARID_PONTO\AriD.GerenciamentoDePonto\Controllers\ServidorController.cs(238,17): warning CA2200: Gerar novamente uma exce├º├úo detectada altera as informa├º├Áes de pilha (https://learn.microsoft.com/dotnet/fundamentals/code-analysis/quality-rules/ca2200) [C:\src\ARID_PONTO\AriD.GerenciamentoDePonto\AriD.GerenciamentoDePonto.csproj]

FALHA da compila├º├úo.

C:\src\ARID_PONTO\AriD.GerenciamentoDePonto\Models\ErrorViewModel.cs(5,22): warning CS8632: A anota├º├úo para tipos de refer├¬ncia anul├íveis deve ser usada apenas em c├│digo em um contexto de anota├º├Áes '#nullable'. [C:\src\ARID_PONTO\AriD.GerenciamentoDePonto\AriD.GerenciamentoDePonto.csproj]
C:\src\ARID_PONTO\AriD.GerenciamentoDePonto\Helpers\Logger.cs(33,17): warning CS4014: Como esta chamada n├úo ├® aguardada, a execu├º├úo do m├®todo atual continua antes da conclus├úo da chamada. Considere aplicar o operador 'await' ao resultado da chamada. [C:\src\ARID_PONTO\AriD.GerenciamentoDePonto\AriD.GerenciamentoDePonto.csproj]
C:\src\ARID_PONTO\AriD.GerenciamentoDePonto\Helpers\Logger.cs(53,17): warning CS4014: Como esta chamada n├úo ├® aguardada, a execu├º├úo do m├®todo atual continua antes da conclus├úo da chamada. Considere aplicar o operador 'await' ao resultado da chamada. [C:\src\ARID_PONTO\AriD.GerenciamentoDePonto\AriD.GerenciamentoDePonto.csproj]
C:\src\ARID_PONTO\AriD.GerenciamentoDePonto\WebGrid\WebGrid.cs(117,17): warning CS0472: O resultado da express├úo ├® sempre 'true', pois um valor do tipo 'int' nunca ├® igual a "null" do tipo 'int?' [C:\src\ARID_PONTO\AriD.GerenciamentoDePonto\AriD.GerenciamentoDePonto.csproj]
C:\src\ARID_PONTO\AriD.GerenciamentoDePonto\Controllers\UsuarioController.cs(141,30): warning CS0168: A vari├ível "ex" est├í declarada, mas nunca ├® usada [C:\src\ARID_PONTO\AriD.GerenciamentoDePonto\AriD.GerenciamentoDePonto.csproj]
C:\src\ARID_PONTO\AriD.GerenciamentoDePonto\Controllers\EquipamentoDePontoController.cs(91,17): warning CS4014: Como esta chamada n├úo ├® aguardada, a execu├º├úo do m├®todo atual continua antes da conclus├úo da chamada. Considere aplicar o operador 'await' ao resultado da chamada. [C:\src\ARID_PONTO\AriD.GerenciamentoDePonto\AriD.GerenciamentoDePonto.csproj]
C:\src\ARID_PONTO\AriD.GerenciamentoDePonto\Controllers\EquipamentoDePontoController.cs(115,13): warning CS4014: Como esta chamada n├úo ├® aguardada, a execu├º├úo do m├®todo atual continua antes da conclus├úo da chamada. Considere aplicar o operador 'await' ao resultado da chamada. [C:\src\ARID_PONTO\AriD.GerenciamentoDePonto\AriD.GerenciamentoDePonto.csproj]
C:\src\ARID_PONTO\AriD.GerenciamentoDePonto\Controllers\OrganizacaoController.cs(134,30): warning CS0168: A vari├ível "ex" est├í declarada, mas nunca ├® usada [C:\src\ARID_PONTO\AriD.GerenciamentoDePonto\AriD.GerenciamentoDePonto.csproj]
C:\src\ARID_PONTO\AriD.GerenciamentoDePonto\Controllers\RelatorioController.cs(181,17): warning CS0162: C├│digo inacess├¡vel detectado [C:\src\ARID_PONTO\AriD.GerenciamentoDePonto\AriD.GerenciamentoDePonto.csproj]
C:\src\ARID_PONTO\AriD.GerenciamentoDePonto\Views\Shared\_PaginacaoWebGrid.cshtml(35,16): warning SYSLIB0013: "Uri.EscapeUriString(string)" ├® obsoleto: "Uri.EscapeUriString can corrupt the Uri string in some cases. Consider using Uri.EscapeDataString for query string components instead." (https://aka.ms/dotnet-warnings/SYSLIB0013) [C:\src\ARID_PONTO\AriD.GerenciamentoDePonto\AriD.GerenciamentoDePonto.csproj]
C:\src\ARID_PONTO\AriD.GerenciamentoDePonto\Controllers\EquipamentoDePontoController.cs(103,17): warning CA2200: Gerar novamente uma exce├º├úo detectada altera as informa├º├Áes de pilha (https://learn.microsoft.com/dotnet/fundamentals/code-analysis/quality-rules/ca2200) [C:\src\ARID_PONTO\AriD.GerenciamentoDePonto\AriD.GerenciamentoDePonto.csproj]
C:\src\ARID_PONTO\AriD.GerenciamentoDePonto\Controllers\FotoController.cs(92,128): warning CA1416: Este site de chamada pode ser acessado em todas as plataformas. S├│ h├í suporte para 'Bitmap' em: 'windows' 6.1 e posteriores. (https://learn.microsoft.com/dotnet/fundamentals/code-analysis/quality-rules/ca1416) [C:\src\ARID_PONTO\AriD.GerenciamentoDePonto\AriD.GerenciamentoDePonto.csproj]
C:\src\ARID_PONTO\AriD.GerenciamentoDePonto\Controllers\EscalaController.cs(262,17): warning CA2200: Gerar novamente uma exce├º├úo detectada altera as informa├º├Áes de pilha (https://learn.microsoft.com/dotnet/fundamentals/code-analysis/quality-rules/ca2200) [C:\src\ARID_PONTO\AriD.GerenciamentoDePonto\AriD.GerenciamentoDePonto.csproj]
C:\src\ARID_PONTO\AriD.GerenciamentoDePonto\Controllers\EscalaController.cs(327,17): warning CA2200: Gerar novamente uma exce├º├úo detectada altera as informa├º├Áes de pilha (https://learn.microsoft.com/dotnet/fundamentals/code-analysis/quality-rules/ca2200) [C:\src\ARID_PONTO\AriD.GerenciamentoDePonto\AriD.GerenciamentoDePonto.csproj]
C:\src\ARID_PONTO\AriD.GerenciamentoDePonto\Controllers\FotoController.cs(98,44): warning CA1416: Este site de chamada pode ser acessado em todas as plataformas. S├│ h├í suporte para 'Image.FromStream(Stream)' em: 'windows' 6.1 e posteriores. (https://learn.microsoft.com/dotnet/fundamentals/code-analysis/quality-rules/ca1416) [C:\src\ARID_PONTO\AriD.GerenciamentoDePonto\AriD.GerenciamentoDePonto.csproj]
C:\src\ARID_PONTO\AriD.GerenciamentoDePonto\Controllers\FotoController.cs(87,32): warning CA1416: Este site de chamada pode ser acessado em todas as plataformas. S├│ h├í suporte para 'ImageFormat.Png' em: 'windows' 6.1 e posteriores. (https://learn.microsoft.com/dotnet/fundamentals/code-analysis/quality-rules/ca1416) [C:\src\ARID_PONTO\AriD.GerenciamentoDePonto\AriD.GerenciamentoDePonto.csproj]
C:\src\ARID_PONTO\AriD.GerenciamentoDePonto\Controllers\FotoController.cs(87,17): warning CA1416: Este site de chamada pode ser acessado em todas as plataformas. S├│ h├í suporte para 'Image.Save(Stream, ImageFormat)' em: 'windows' 6.1 e posteriores. (https://learn.microsoft.com/dotnet/fundamentals/code-analysis/quality-rules/ca1416) [C:\src\ARID_PONTO\AriD.GerenciamentoDePonto\AriD.GerenciamentoDePonto.csproj]
C:\src\ARID_PONTO\AriD.GerenciamentoDePonto\Controllers\OrganizacaoController.cs(176,39): warning CA1416: Este site de chamada pode ser acessado em todas as plataformas. S├│ h├í suporte para 'Bitmap' em: 'windows' 6.1 e posteriores. (https://learn.microsoft.com/dotnet/fundamentals/code-analysis/quality-rules/ca1416) [C:\src\ARID_PONTO\AriD.GerenciamentoDePonto\AriD.GerenciamentoDePonto.csproj]
C:\src\ARID_PONTO\AriD.GerenciamentoDePonto\Controllers\OrganizacaoController.cs(170,32): warning CA1416: Este site de chamada pode ser acessado em todas as plataformas. S├│ h├í suporte para 'ImageFormat.Png' em: 'windows' 6.1 e posteriores. (https://learn.microsoft.com/dotnet/fundamentals/code-analysis/quality-rules/ca1416) [C:\src\ARID_PONTO\AriD.GerenciamentoDePonto\AriD.GerenciamentoDePonto.csproj]
C:\src\ARID_PONTO\AriD.GerenciamentoDePonto\Controllers\OrganizacaoController.cs(170,17): warning CA1416: Este site de chamada pode ser acessado em todas as plataformas. S├│ h├í suporte para 'Image.Save(Stream, ImageFormat)' em: 'windows' 6.1 e posteriores. (https://learn.microsoft.com/dotnet/fundamentals/code-analysis/quality-rules/ca1416) [C:\src\ARID_PONTO\AriD.GerenciamentoDePonto\AriD.GerenciamentoDePonto.csproj]
C:\src\ARID_PONTO\AriD.GerenciamentoDePonto\Controllers\OrganizacaoController.cs(182,44): warning CA1416: Este site de chamada pode ser acessado em todas as plataformas. S├│ h├í suporte para 'Image.FromStream(Stream)' em: 'windows' 6.1 e posteriores. (https://learn.microsoft.com/dotnet/fundamentals/code-analysis/quality-rules/ca1416) [C:\src\ARID_PONTO\AriD.GerenciamentoDePonto\AriD.GerenciamentoDePonto.csproj]
C:\src\ARID_PONTO\AriD.GerenciamentoDePonto\Views\HorarioDeTrabalho\Adicionar.cshtml(210,14): warning MVC1000: Use of IHtmlHelper.Partial may result in application deadlocks. Consider using <partial> Tag Helper or IHtmlHelper.PartialAsync. [C:\src\ARID_PONTO\AriD.GerenciamentoDePonto\AriD.GerenciamentoDePonto.csproj]
C:\src\ARID_PONTO\AriD.GerenciamentoDePonto\Views\PortalServidor\Atestados.cshtml(54,2): warning MVC1000: Use of IHtmlHelper.Partial may result in application deadlocks. Consider using <partial> Tag Helper or IHtmlHelper.PartialAsync. [C:\src\ARID_PONTO\AriD.GerenciamentoDePonto\AriD.GerenciamentoDePonto.csproj]
C:\src\ARID_PONTO\AriD.GerenciamentoDePonto\Views\HorarioDeTrabalho\Alterar.cshtml(253,14): warning MVC1000: Use of IHtmlHelper.Partial may result in application deadlocks. Consider using <partial> Tag Helper or IHtmlHelper.PartialAsync. [C:\src\ARID_PONTO\AriD.GerenciamentoDePonto\AriD.GerenciamentoDePonto.csproj]
C:\src\ARID_PONTO\AriD.GerenciamentoDePonto\Views\PortalServidor\RegistrosDePonto.cshtml(120,2): warning MVC1000: Use of IHtmlHelper.Partial may result in application deadlocks. Consider using <partial> Tag Helper or IHtmlHelper.PartialAsync. [C:\src\ARID_PONTO\AriD.GerenciamentoDePonto\AriD.GerenciamentoDePonto.csproj]
C:\src\ARID_PONTO\AriD.GerenciamentoDePonto\Views\PortalServidor\RegistrosDePonto.cshtml(121,2): warning MVC1000: Use of IHtmlHelper.Partial may result in application deadlocks. Consider using <partial> Tag Helper or IHtmlHelper.PartialAsync. [C:\src\ARID_PONTO\AriD.GerenciamentoDePonto\AriD.GerenciamentoDePonto.csproj]
C:\src\ARID_PONTO\AriD.GerenciamentoDePonto\Controllers\ServidorController.cs(238,17): warning CA2200: Gerar novamente uma exce├º├úo detectada altera as informa├º├Áes de pilha (https://learn.microsoft.com/dotnet/fundamentals/code-analysis/quality-rules/ca2200) [C:\src\ARID_PONTO\AriD.GerenciamentoDePonto\AriD.GerenciamentoDePonto.csproj]
C:\src\ARID_PONTO\AriD.GerenciamentoDePonto\Controllers\BonusController.cs(51,13): error CS0246: O nome do tipo ou do namespace "Expression<>" n├úo pode ser encontrado (est├í faltando uma diretiva using ou uma refer├¬ncia de assembly?) [C:\src\ARID_PONTO\AriD.GerenciamentoDePonto\AriD.GerenciamentoDePonto.csproj]
C:\src\ARID_PONTO\AriD.GerenciamentoDePonto\Controllers\BonusController.cs(81,13): error CS0246: O nome do tipo ou do namespace "Expression<>" n├úo pode ser encontrado (est├í faltando uma diretiva using ou uma refer├¬ncia de assembly?) [C:\src\ARID_PONTO\AriD.GerenciamentoDePonto\AriD.GerenciamentoDePonto.csproj]
    27 Aviso(s)
    2 Erro(s)

Tempo Decorrido 00:00:02.17
